[    1295ms] [ERROR] Permissions policy violation: encrypted-media is not allowed in this document. @ https://widget.sndcdn.com/widget-9-98da480ea19c.js:54
[    1296ms] [WARNING] Encrypted Media access has been blocked because of a Feature Policy applied to the current document. See https://crbug.com/414348233 for more details. @ https://widget.sndcdn.com/widget-9-98da480ea19c.js:54
[    1296ms] [ERROR] Permissions policy violation: encrypted-media is not allowed in this document. @ https://widget.sndcdn.com/widget-9-98da480ea19c.js:54
[    1296ms] [WARNING] Encrypted Media access has been blocked because of a Feature Policy applied to the current document. See https://crbug.com/414348233 for more details. @ https://widget.sndcdn.com/widget-9-98da480ea19c.js:54
[    1296ms] [ERROR] Permissions policy violation: encrypted-media is not allowed in this document. @ https://widget.sndcdn.com/widget-9-98da480ea19c.js:54
[    1296ms] [WARNING] Encrypted Media access has been blocked because of a Feature Policy applied to the current document. See https://crbug.com/414348233 for more details. @ https://widget.sndcdn.com/widget-9-98da480ea19c.js:54
[    1296ms] [LOG] SoundCloud Embed Player (api-web) @ https://widget.sndcdn.com/widget-9-98da480ea19c.js:54
[  123205ms] [ERROR] Permissions policy violation: encrypted-media is not allowed in this document. @ https://widget.sndcdn.com/widget-9-98da480ea19c.js:54
[  123205ms] [WARNING] Encrypted Media access has been blocked because of a Feature Policy applied to the current document. See https://crbug.com/414348233 for more details. @ https://widget.sndcdn.com/widget-9-98da480ea19c.js:54
[  123205ms] [ERROR] Permissions policy violation: encrypted-media is not allowed in this document. @ https://widget.sndcdn.com/widget-9-98da480ea19c.js:54
[  123205ms] [WARNING] Encrypted Media access has been blocked because of a Feature Policy applied to the current document. See https://crbug.com/414348233 for more details. @ https://widget.sndcdn.com/widget-9-98da480ea19c.js:54
[  123205ms] [ERROR] Permissions policy violation: encrypted-media is not allowed in this document. @ https://widget.sndcdn.com/widget-9-98da480ea19c.js:54
[  123205ms] [WARNING] Encrypted Media access has been blocked because of a Feature Policy applied to the current document. See https://crbug.com/414348233 for more details. @ https://widget.sndcdn.com/widget-9-98da480ea19c.js:54
[  123205ms] [LOG] SoundCloud Embed Player (api-web) @ https://widget.sndcdn.com/widget-9-98da480ea19c.js:54
[  336787ms] [ERROR] Permissions policy violation: encrypted-media is not allowed in this document. @ https://widget.sndcdn.com/widget-9-98da480ea19c.js:54
[  336787ms] [WARNING] Encrypted Media access has been blocked because of a Feature Policy applied to the current document. See https://crbug.com/414348233 for more details. @ https://widget.sndcdn.com/widget-9-98da480ea19c.js:54
[  336788ms] [ERROR] Permissions policy violation: encrypted-media is not allowed in this document. @ https://widget.sndcdn.com/widget-9-98da480ea19c.js:54
[  336788ms] [WARNING] Encrypted Media access has been blocked because of a Feature Policy applied to the current document. See https://crbug.com/414348233 for more details. @ https://widget.sndcdn.com/widget-9-98da480ea19c.js:54
[  336788ms] [ERROR] Permissions policy violation: encrypted-media is not allowed in this document. @ https://widget.sndcdn.com/widget-9-98da480ea19c.js:54
[  336788ms] [WARNING] Encrypted Media access has been blocked because of a Feature Policy applied to the current document. See https://crbug.com/414348233 for more details. @ https://widget.sndcdn.com/widget-9-98da480ea19c.js:54
[  336788ms] [LOG] SoundCloud Embed Player (api-web) @ https://widget.sndcdn.com/widget-9-98da480ea19c.js:54
[  364646ms] [ERROR] Permissions policy violation: encrypted-media is not allowed in this document. @ https://widget.sndcdn.com/widget-9-98da480ea19c.js:54
[  364646ms] [WARNING] Encrypted Media access has been blocked because of a Feature Policy applied to the current document. See https://crbug.com/414348233 for more details. @ https://widget.sndcdn.com/widget-9-98da480ea19c.js:54
[  364647ms] [ERROR] Permissions policy violation: encrypted-media is not allowed in this document. @ https://widget.sndcdn.com/widget-9-98da480ea19c.js:54
[  364647ms] [WARNING] Encrypted Media access has been blocked because of a Feature Policy applied to the current document. See https://crbug.com/414348233 for more details. @ https://widget.sndcdn.com/widget-9-98da480ea19c.js:54
[  364647ms] [ERROR] Permissions policy violation: encrypted-media is not allowed in this document. @ https://widget.sndcdn.com/widget-9-98da480ea19c.js:54
[  364647ms] [WARNING] Encrypted Media access has been blocked because of a Feature Policy applied to the current document. See https://crbug.com/414348233 for more details. @ https://widget.sndcdn.com/widget-9-98da480ea19c.js:54
[  364648ms] [LOG] SoundCloud Embed Player (api-web) @ https://widget.sndcdn.com/widget-9-98da480ea19c.js:54
