[     743ms] [ERROR] Permissions policy violation: encrypted-media is not allowed in this document. @ https://widget.sndcdn.com/widget-9-98da480ea19c.js:54
[     743ms] [WARNING] Encrypted Media access has been blocked because of a Feature Policy applied to the current document. See https://crbug.com/414348233 for more details. @ https://widget.sndcdn.com/widget-9-98da480ea19c.js:54
[     743ms] [ERROR] Permissions policy violation: encrypted-media is not allowed in this document. @ https://widget.sndcdn.com/widget-9-98da480ea19c.js:54
[     743ms] [WARNING] Encrypted Media access has been blocked because of a Feature Policy applied to the current document. See https://crbug.com/414348233 for more details. @ https://widget.sndcdn.com/widget-9-98da480ea19c.js:54
[     743ms] [ERROR] Permissions policy violation: encrypted-media is not allowed in this document. @ https://widget.sndcdn.com/widget-9-98da480ea19c.js:54
[     743ms] [WARNING] Encrypted Media access has been blocked because of a Feature Policy applied to the current document. See https://crbug.com/414348233 for more details. @ https://widget.sndcdn.com/widget-9-98da480ea19c.js:54
[     743ms] [LOG] SoundCloud Embed Player (api-web) @ https://widget.sndcdn.com/widget-9-98da480ea19c.js:54
[     743ms] [ERROR] Permissions policy violation: encrypted-media is not allowed in this document. @ https://widget.sndcdn.com/widget-9-98da480ea19c.js:54
[     743ms] [WARNING] Encrypted Media access has been blocked because of a Feature Policy applied to the current document. See https://crbug.com/414348233 for more details. @ https://widget.sndcdn.com/widget-9-98da480ea19c.js:54
[     743ms] [ERROR] Permissions policy violation: encrypted-media is not allowed in this document. @ https://widget.sndcdn.com/widget-9-98da480ea19c.js:54
[     743ms] [WARNING] Encrypted Media access has been blocked because of a Feature Policy applied to the current document. See https://crbug.com/414348233 for more details. @ https://widget.sndcdn.com/widget-9-98da480ea19c.js:54
[     743ms] [ERROR] Permissions policy violation: encrypted-media is not allowed in this document. @ https://widget.sndcdn.com/widget-9-98da480ea19c.js:54
[     743ms] [WARNING] Encrypted Media access has been blocked because of a Feature Policy applied to the current document. See https://crbug.com/414348233 for more details. @ https://widget.sndcdn.com/widget-9-98da480ea19c.js:54
[   38342ms] [LOG] SoundCloud Embed Player (api-web) @ https://widget.sndcdn.com/widget-9-98da480ea19c.js:54
[   74409ms] [LOG] SoundCloud Embed Player (api-web) @ https://widget.sndcdn.com/widget-9-98da480ea19c.js:54
[   74417ms] [ERROR] Permissions policy violation: encrypted-media is not allowed in this document. @ https://widget.sndcdn.com/widget-9-98da480ea19c.js:54
[   74417ms] [WARNING] Encrypted Media access has been blocked because of a Feature Policy applied to the current document. See https://crbug.com/414348233 for more details. @ https://widget.sndcdn.com/widget-9-98da480ea19c.js:54
[   74417ms] [ERROR] Permissions policy violation: encrypted-media is not allowed in this document. @ https://widget.sndcdn.com/widget-9-98da480ea19c.js:54
[   74417ms] [WARNING] Encrypted Media access has been blocked because of a Feature Policy applied to the current document. See https://crbug.com/414348233 for more details. @ https://widget.sndcdn.com/widget-9-98da480ea19c.js:54
[   74417ms] [ERROR] Permissions policy violation: encrypted-media is not allowed in this document. @ https://widget.sndcdn.com/widget-9-98da480ea19c.js:54
[   74417ms] [WARNING] Encrypted Media access has been blocked because of a Feature Policy applied to the current document. See https://crbug.com/414348233 for more details. @ https://widget.sndcdn.com/widget-9-98da480ea19c.js:54
[   74418ms] [LOG] SoundCloud Embed Player (api-web) @ https://widget.sndcdn.com/widget-9-98da480ea19c.js:54
