[    1194ms] [ERROR] Permissions policy violation: encrypted-media is not allowed in this document. @ https://widget.sndcdn.com/widget-9-98da480ea19c.js:54
[    1194ms] [WARNING] Encrypted Media access has been blocked because of a Feature Policy applied to the current document. See https://crbug.com/414348233 for more details. @ https://widget.sndcdn.com/widget-9-98da480ea19c.js:54
[    1194ms] [ERROR] Permissions policy violation: encrypted-media is not allowed in this document. @ https://widget.sndcdn.com/widget-9-98da480ea19c.js:54
[    1194ms] [WARNING] Encrypted Media access has been blocked because of a Feature Policy applied to the current document. See https://crbug.com/414348233 for more details. @ https://widget.sndcdn.com/widget-9-98da480ea19c.js:54
[    1195ms] [ERROR] Permissions policy violation: encrypted-media is not allowed in this document. @ https://widget.sndcdn.com/widget-9-98da480ea19c.js:54
[    1195ms] [WARNING] Encrypted Media access has been blocked because of a Feature Policy applied to the current document. See https://crbug.com/414348233 for more details. @ https://widget.sndcdn.com/widget-9-98da480ea19c.js:54
[    1195ms] [LOG] SoundCloud Embed Player (api-web) @ https://widget.sndcdn.com/widget-9-98da480ea19c.js:54
[    1194ms] [ERROR] Permissions policy violation: encrypted-media is not allowed in this document. @ https://widget.sndcdn.com/widget-9-98da480ea19c.js:54
[    1194ms] [WARNING] Encrypted Media access has been blocked because of a Feature Policy applied to the current document. See https://crbug.com/414348233 for more details. @ https://widget.sndcdn.com/widget-9-98da480ea19c.js:54
[    1194ms] [ERROR] Permissions policy violation: encrypted-media is not allowed in this document. @ https://widget.sndcdn.com/widget-9-98da480ea19c.js:54
[    1194ms] [WARNING] Encrypted Media access has been blocked because of a Feature Policy applied to the current document. See https://crbug.com/414348233 for more details. @ https://widget.sndcdn.com/widget-9-98da480ea19c.js:54
[    1195ms] [ERROR] Permissions policy violation: encrypted-media is not allowed in this document. @ https://widget.sndcdn.com/widget-9-98da480ea19c.js:54
[    1195ms] [WARNING] Encrypted Media access has been blocked because of a Feature Policy applied to the current document. See https://crbug.com/414348233 for more details. @ https://widget.sndcdn.com/widget-9-98da480ea19c.js:54
[   38606ms] [LOG] SoundCloud Embed Player (api-web) @ https://widget.sndcdn.com/widget-9-98da480ea19c.js:54
[  856467ms] [ERROR] Permissions policy violation: encrypted-media is not allowed in this document. @ https://widget.sndcdn.com/widget-9-98da480ea19c.js:54
[  856468ms] [WARNING] Encrypted Media access has been blocked because of a Feature Policy applied to the current document. See https://crbug.com/414348233 for more details. @ https://widget.sndcdn.com/widget-9-98da480ea19c.js:54
[  856468ms] [ERROR] Permissions policy violation: encrypted-media is not allowed in this document. @ https://widget.sndcdn.com/widget-9-98da480ea19c.js:54
[  856468ms] [WARNING] Encrypted Media access has been blocked because of a Feature Policy applied to the current document. See https://crbug.com/414348233 for more details. @ https://widget.sndcdn.com/widget-9-98da480ea19c.js:54
[  856468ms] [ERROR] Permissions policy violation: encrypted-media is not allowed in this document. @ https://widget.sndcdn.com/widget-9-98da480ea19c.js:54
[  856468ms] [WARNING] Encrypted Media access has been blocked because of a Feature Policy applied to the current document. See https://crbug.com/414348233 for more details. @ https://widget.sndcdn.com/widget-9-98da480ea19c.js:54
[  856468ms] [LOG] SoundCloud Embed Player (api-web) @ https://widget.sndcdn.com/widget-9-98da480ea19c.js:54
[  856502ms] [LOG] SoundCloud Embed Player (api-web) @ https://widget.sndcdn.com/widget-9-98da480ea19c.js:54
[ 1236367ms] [ERROR] Permissions policy violation: encrypted-media is not allowed in this document. @ https://widget.sndcdn.com/widget-9-98da480ea19c.js:54
[ 1236367ms] [WARNING] Encrypted Media access has been blocked because of a Feature Policy applied to the current document. See https://crbug.com/414348233 for more details. @ https://widget.sndcdn.com/widget-9-98da480ea19c.js:54
[ 1236367ms] [ERROR] Permissions policy violation: encrypted-media is not allowed in this document. @ https://widget.sndcdn.com/widget-9-98da480ea19c.js:54
[ 1236368ms] [WARNING] Encrypted Media access has been blocked because of a Feature Policy applied to the current document. See https://crbug.com/414348233 for more details. @ https://widget.sndcdn.com/widget-9-98da480ea19c.js:54
[ 1236368ms] [ERROR] Permissions policy violation: encrypted-media is not allowed in this document. @ https://widget.sndcdn.com/widget-9-98da480ea19c.js:54
[ 1236368ms] [WARNING] Encrypted Media access has been blocked because of a Feature Policy applied to the current document. See https://crbug.com/414348233 for more details. @ https://widget.sndcdn.com/widget-9-98da480ea19c.js:54
[ 1236368ms] [LOG] SoundCloud Embed Player (api-web) @ https://widget.sndcdn.com/widget-9-98da480ea19c.js:54
[ 1236401ms] [LOG] SoundCloud Embed Player (api-web) @ https://widget.sndcdn.com/widget-9-98da480ea19c.js:54
